// Jest Snapshot v1, https://goo.gl/fbAQLP

exports[`<IntegerRangeInput /> renders 1`] = `
<div>
  <label>
    Age: 
  </label>
  <input
    min="0"
    onChange={[Function]}
    step="1"
    type="number"
    value=""
  />
  <select
    defaultValue={undefined}
    onChange={[Function]}
  >
    <option
      value="lte"
    >
      less than
    </option>
    <option
      value="gte"
    >
      greater than
    </option>
    <option
      value="any"
    >
      any
    </option>
  </select>
</div>
`;
